#-----------------------------------------------------------
# Vivado v2024.2 (64-bit)
# SW Build 5239630 on Fri Nov 08 22:34:34 MST 2024
# IP Build 5239520 on Sun Nov 10 16:12:51 MST 2024
# SharedData Build 5239561 on Fri Nov 08 14:39:27 MST 2024
# Start of session at: Thu Apr 17 01:23:20 2025
# Process ID         : 1524066
# Current directory  : /home/jumdz/pgp-pcie-apps/firmware/targets/XilinxVariumC1100/XilinxVariumC1100Pgp4_10Gbps
# Command line       : vivado
# Log file           : /home/jumdz/pgp-pcie-apps/firmware/targets/XilinxVariumC1100/XilinxVariumC1100Pgp4_10Gbps/vivado.log
# Journal file       : /home/jumdz/pgp-pcie-apps/firmware/targets/XilinxVariumC1100/XilinxVariumC1100Pgp4_10Gbps/vivado.jou
# Running On         : rdsrv310
# Platform           : Ubuntu
# Operating System   : Ubuntu 22.04.5 LTS
# Processor Detail   : AMD Ryzen 9 3900X 12-Core Processor
# CPU Frequency      : 2200.000 MHz
# CPU Physical cores : 12
# CPU Logical cores  : 24
# Host memory        : 67337 MB
# Swap memory        : 2147 MB
# Total Virtual      : 69485 MB
# Available Virtual  : 66790 MB
#-----------------------------------------------------------
start_gui
open_project /u1/jumdz/build/XilinxVariumC1100Pgp4_10Gbps/XilinxVariumC1100Pgp4_10Gbps_project.xpr
update_compile_order -fileset sources_1
